=== Section B — mode=link, iterations=3, repo=sandbox-a ===
baseline pinned at d318b683

== B1: cold full build, stock vs ext ==
    stock `graphify . --code-only` #1: 14.1s
    stock `graphify . --code-only` #2: 13.5s
    stock `graphify . --code-only` #3: 12.9s
    stock _rebuild_code full (hook path) #1: 13.1s
    stock _rebuild_code full (hook path) #2: 10.4s
    stock _rebuild_code full (hook path) #3: 16.1s
    ext first-visit #1: 13.8s (full rebuild)
    ext first-visit #2: 11.7s (full rebuild)
    ext first-visit #3: 11.2s (full rebuild)
  INFO  [B1] stock extract CLI (context, different entry point) — min 12.9s / med 13.2s (n=2)
  INFO  [B1] stock _rebuild_code full — the hook path — min 10.4s / med 13.3s (n=2)
  INFO  [B1] ext first visit (full build) — min 11.2s / med 11.5s (n=2)
  PASS  [B1] ext cold build within 1.5x of the same-code-path stock baseline — 1.08x vs _rebuild_code full

== B2: branch switch main->feature->main, STOCK (full rebuild each) ==
    stock switch to feature #1: 10.5s
    stock switch back to main #1: 9.9s
    stock switch to feature #2: 9.7s
    stock switch back to main #2: 10.4s
    stock switch to feature #3: 9.9s
    stock switch back to main #3: 9.6s
  INFO  [B2] stock switch to feature — min 9.7s / med 9.9s (n=3)
  INFO  [B2] stock switch back to main — min 9.6s / med 9.9s (n=3)
  PASS  [B2] stock shows no revisit speedup (confirms it has no cache) — first 9.9s vs best revisit 9.6s

== B3: branch switch main->feature->main, EXT ==
    ext first visit main: 11.1s
    ext first visit feature: 11.0s
  PASS  [B3] first visit to a branch is a full build — [graphify-ext] activated slot feature for branch feature (link mode)
    ext revisit main #1: 5.2s (CACHE HIT)
    ext revisit feature #1: 5.0s (CACHE HIT)
    ext revisit main #2: 5.2s (CACHE HIT)
    ext revisit feature #2: 5.1s (CACHE HIT)
    ext revisit main #3: 5.0s (CACHE HIT)
    ext revisit feature #3: 5.1s (CACHE HIT)
  INFO  [B3] ext revisit main — min 5.0s / med 5.2s (n=3)
  INFO  [B3] ext revisit feature — min 5.0s / med 5.1s (n=3)
  PASS  [B3] HEADLINE: branch revisit is faster than a stock full rebuild — 5.0s vs stock 9.6s = 1.9x faster
  PASS  [B3] swapped graphs are branch-correct (feature symbol only on feature) — main=False feature=True

== B5: commit-triggered incremental, stock vs ext ==
    #1: stock 4.8s  ext 5.9s
    #2: stock 5.1s  ext 5.6s
    #3: stock 4.7s  ext 5.4s
  INFO  [B5] stock incremental — min 4.7s / med 4.8s (n=3)
  INFO  [B5] ext incremental — min 5.4s / med 5.6s (n=3)
  PASS  [B5] ext adds no meaningful overhead to the common commit path — +0.7s over stock 4.7s

== B6: disk footprint ==
  INFO  [B6] stock graphify-out — 3.4 MB
  INFO  [B6] ext cache — 9.4 MB across 2 slot(s) = 4.7 MB/branch
  PASS  [B6] cache grows ~linearly per branch (no hidden blowup) — 1.38x a single stock output per branch

== B7: history rewrite -> full rebuild, ancestry check is what fires ==
  PASS  [B7] precondition: cached base commit is NOT an ancestor of the rewritten HEAD — base d06cf6f5 vs HEAD 73359b84
  PASS  [B7] rewritten branch falls back to a full rebuild — ['[graphify-ext] activated slot feature for branch feature (link mode)']
  PASS  [B7] graph is healthy after the fallback

== B8: detached HEAD ==
  PASS  [B8] detached HEAD triggers a full rebuild into a scratch slot — ['[graphify-ext] detached HEAD - full rebuild into scratch slot']
  PASS  [B8] scratch slot used, not a branch-named slot

== B9: long-diverged branches must NOT read as 'cache invalid' ==
  PASS  [B9] precondition: branches are genuinely diverged (neither is an ancestor)
  PASS  [B9] divergence never produces a false 'cache invalid' — false invalidations: none
  PASS  [B9] each branch's cache stays correctly isolated — div_main=True div_feat=False

== B10: corrupted cache slot -> graceful fallback ==
  PASS  [B10] corrupt graph with NO pending changes is not served (zero-changed fast path validates the cache) — rc=0
  PASS  [B10] corrupt graph.json: swap does not crash — rc=0
  PASS  [B10] corrupt graph.json: graph recovers to a healthy state — 1522 nodes / 2549 edges
  PASS  [B10] corrupt manifest.json: swap does not crash — rc=0
  PASS  [B10] corrupt manifest.json: graph recovers to a healthy state — 1522 nodes / 2549 edges

=== timings (link mode) ===
  B1 stock extract CLI             min 12.9s / med 13.2s (n=2)
  B1 stock _rebuild_code full      min 10.4s / med 13.3s (n=2)
  B1 ext first-visit (full)        min 11.2s / med 11.5s (n=2)
  B2 stock switch->feature         min 9.7s / med 9.9s (n=3)
  B2 stock switch->main            min 9.6s / med 9.9s (n=3)
  B3 ext first visit main          min 11.1s / med 11.1s
  B3 ext first visit feature       min 11.0s / med 11.0s
  B3 ext revisit main              min 5.0s / med 5.2s (n=3)
  B3 ext revisit feature           min 5.0s / med 5.1s (n=3)
  B5 stock incremental             min 4.7s / med 4.8s (n=3)
  B5 ext incremental               min 5.4s / med 5.6s (n=3)

== Section B summary ==
  PASS  [B1] stock extract CLI (context, different entry point) — min 12.9s / med 13.2s (n=2)
  PASS  [B1] stock _rebuild_code full — the hook path — min 10.4s / med 13.3s (n=2)
  PASS  [B1] ext first visit (full build) — min 11.2s / med 11.5s (n=2)
  PASS  [B1] ext cold build within 1.5x of the same-code-path stock baseline — 1.08x vs _rebuild_code full
  PASS  [B2] stock switch to feature — min 9.7s / med 9.9s (n=3)
  PASS  [B2] stock switch back to main — min 9.6s / med 9.9s (n=3)
  PASS  [B2] stock shows no revisit speedup (confirms it has no cache) — first 9.9s vs best revisit 9.6s
  PASS  [B3] first visit to a branch is a full build — [graphify-ext] activated slot feature for branch feature (link mode)
  PASS  [B3] ext revisit main — min 5.0s / med 5.2s (n=3)
  PASS  [B3] ext revisit feature — min 5.0s / med 5.1s (n=3)
  PASS  [B3] HEADLINE: branch revisit is faster than a stock full rebuild — 5.0s vs stock 9.6s = 1.9x faster
  PASS  [B3] swapped graphs are branch-correct (feature symbol only on feature) — main=False feature=True
  PASS  [B5] stock incremental — min 4.7s / med 4.8s (n=3)
  PASS  [B5] ext incremental — min 5.4s / med 5.6s (n=3)
  PASS  [B5] ext adds no meaningful overhead to the common commit path — +0.7s over stock 4.7s
  PASS  [B6] stock graphify-out — 3.4 MB
  PASS  [B6] ext cache — 9.4 MB across 2 slot(s) = 4.7 MB/branch
  PASS  [B6] cache grows ~linearly per branch (no hidden blowup) — 1.38x a single stock output per branch
  PASS  [B7] precondition: cached base commit is NOT an ancestor of the rewritten HEAD — base d06cf6f5 vs HEAD 73359b84
  PASS  [B7] rewritten branch falls back to a full rebuild — ['[graphify-ext] activated slot feature for branch feature (link mode)']
  PASS  [B7] graph is healthy after the fallback
  PASS  [B8] detached HEAD triggers a full rebuild into a scratch slot — ['[graphify-ext] detached HEAD - full rebuild into scratch slot']
  PASS  [B8] scratch slot used, not a branch-named slot
  PASS  [B9] precondition: branches are genuinely diverged (neither is an ancestor)
  PASS  [B9] divergence never produces a false 'cache invalid' — false invalidations: none
  PASS  [B9] each branch's cache stays correctly isolated — div_main=True div_feat=False
  PASS  [B10] corrupt graph with NO pending changes is not served (zero-changed fast path validates the cache) — rc=0
  PASS  [B10] corrupt graph.json: swap does not crash — rc=0
  PASS  [B10] corrupt graph.json: graph recovers to a healthy state — 1522 nodes / 2549 edges
  PASS  [B10] corrupt manifest.json: swap does not crash — rc=0
  PASS  [B10] corrupt manifest.json: graph recovers to a healthy state — 1522 nodes / 2549 edges

31/31 checks passed
