corpus: 70 tasks · config: default
  requests/3816cfa1          recall=0.6667
  requests/aa1461b6          recall=0.5
  requests/99b3b492          recall=1.0
  requests/db575eee          recall=0.0
  requests/bd100472          recall=0.5
  requests/bf4a8133          recall=1.0
  requests/c3367d18          recall=0.0
  requests/f002b730          recall=0.0
  requests/31b35ab8          recall=1.0
  requests/9e9d2c65          recall=1.0
  requests/3e3fc768          recall=1.0
  requests/36093e69          recall=0.0
  requests/8ed941fa          recall=0.25
  requests/dfa41afd          recall=0.75
  requests/7815953c          recall=1.0
  requests/59c8d813          recall=0.0
  requests/c15a8f8a          recall=1.0
  requests/1d42d9d2          recall=1.0
  requests/1adba3c9          recall=1.0
  requests/012f0334          recall=0.5
  flask/a411a243             recall=0.0
  flask/c77a5203             recall=0.0
  flask/eca5fd1d             recall=0.0
  flask/daf1510a             recall=0.0
  flask/9822a035             recall=None
  flask/d718ecf6             recall=0.0
  flask/72c85e80             recall=None
  flask/4256fc63             recall=1.0
  flask/2a33c178             recall=0.0
  flask/5d8e3565             recall=0.6667
  flask/095651be             recall=1.0
  flask/58f3536a             recall=0.0
  flask/c2810ffd             recall=0.5
  flask/9e686d93             recall=1.0
  flask/5544d094             recall=0.0
  flask/c9e000b9             recall=0.3333
  flask/45174bf9             recall=0.6667
  flask/96c97dec             recall=0.4
  flask/3351a867             recall=0.0
  flask/a406c297             recall=0.0
  express/59e205a5           recall=None
  express/723b5451           recall=None
  express/71540147           recall=None
  express/081b811b           recall=1.0
  express/76eaa326           recall=None
  express/1e2951a8           recall=None
  express/a8a85644           recall=1.0
  express/f7e94a30           recall=0.0
  express/0e5f2f84           recall=1.0
  express/4d1ee23f           recall=1.0
  express/2a0c35a1           recall=None
  express/17cea290           recall=None
  express/a01326ad           recall=1.0
  express/7f26cfca           recall=0.6667
  express/9c731f18           recall=0.0
  express/f433b7c7           recall=0.0
  express/4ac7474e           recall=0.0
  express/bad55f79           recall=None
  express/f8b954bc           recall=0.8571
  express/d42d8f5b           recall=None
  express/f41d09a3           recall=0.3913
  express/cec0c06a           recall=None
  express/e218377a           recall=None
  express/6bebe083           recall=None
  express/80503087           recall=0.5
  express/accd6180           recall=1.0
  express/4f7c4d10           recall=None
  express/f1102484           recall=1.0
  express/82b5b12c           recall=None
  express/1311f2ac           recall=None

wrote baseline baseline-default.json
  n_scored         53
  mean_recall      0.5122
  median_recall    0.5
  mean_precision   0.1583
  zeros            19
  perfect          19
exit=0
