selected 30 tasks; skipped {'no_gt': 137, 'single_symbol': 240, 'no_entry': 98, 'revert': 7, 'duplicate_entry': 11}
express/59e205a57a  E=res.attachment                 |G|=2 |D|=1  Upgrade `content-disposition` (#7233)
express/723b5451bb  E=res.status                     |G|=4 |D|=3  Throw on invalid status codes (#4212)
express/a0276c6c91  E=res.type                       |G|=3 |D|=2  Use mime-types for file to content type mapp
express/7154014785  E=res.json                       |G|=3 |D|=2  Add "escape json" setting for res.json and r
express/081b811b10  E=Layer.prototype.match          |G|=2 |D|=1  perf: add fast match path for "*" route
express/76eaa326ee  E=res.location                   |G|=3 |D|=2  Encode URL in res.location/res.redirect if n
express/1e2951a832  E=proto.param                    |G|=2 |D|=1  Remove app.param(fn) signature
express/f5a240636d  E=app.render                     |G|=2 |D|=1  perf: isolate app.render try block
express/a8a8564459  E=View                           |G|=3 |D|=2  perf: remove argument reassignments in View
express/f7e94a30bc  E=exports.flatten                |G|=4 |D|=3  Use array-flatten module for flattening arra
express/0e5f2f84ea  E=View.prototype.lookup          |G|=2 |D|=1  Use path.resolve in view lookup
express/4d1ee23f84  E=exports.etag                   |G|=2 |D|=1  Use etag module to generate ETag headers
express/2a0c35a108  E=res.sendfile                   |G|=9 |D|=8  Invoke callback for sendfile when client abo
express/17cea29013  E=app.use                        |G|=3 |D|=2  Support mounted app as any argument to app.u
express/a01326adac  E=proto.process_params.param     |G|=2 |D|=1  Catch errors in multiple req.param(name, fn)
express/7f26cfca91  E=Route.prototype.all            |G|=4 |D|=3  Fix handling when route.all is only route
express/9c731f1883  E=exports.deprecate              |G|=3 |D|=2  deprecate things with depd module
express/f433b7c7cf  E=exports.escape                 |G|=2 |D|=1  replace utils.escape with html-escape
express/f14e39d451  E=res.send                       |G|=2 |D|=1  set proper charset in content-type for res.s
express/4ac7474e4e  E=proto.handle.trim_prefix       |G|=2 |D|=1  trim_prefix causing --use-strict flag to fai
express/bad55f7977  E=res.setHeader                  |G|=2 |D|=1  move setHeader charset patch to .set
express/f8b954bcd9  E=Router                         |G|=8 |D|=7  make express.Router() return a Router functi
express/d42d8f5b07  E=res.cookie                     |G|=2 |D|=1  move support for multiple `res.cookie` calls
express/f41d09a3cf  E=Router.this.middleware         |G|=25 |D|=24  remove app.router and refactor middleware pr
express/cec0c06a70  E=req.is                         |G|=11 |D|=10  refactor req.is and req.accepts*
express/e218377a3d  E=res.jsonp                      |G|=2 |D|=1  check existence of jsonp callback
express/e4907ce8e8  E=Router.prototype.route         |G|=2 |D|=1  add http verbs methods to Router
express/6bebe0837f  E=res.render                     |G|=2 |D|=1  refactor res.render() to prevent clobbering 
express/8050308706  E=res.sendfile.error             |G|=3 |D|=2  Remove socket error handler if file was sent
express/accd6180c1  E=Router.prototype.matchReq      |G|=3 |D|=2  rename matchReq -> matchRequest

wrote bench/agentctx/tasks-express.json
exit=0
