workspace: C:\Users\SISABE~1\AppData\Local\Temp\taint-corpus-kf9abb0j

=== Build A (graphify_ext) ===
  PASS  [A/build] corpus graph built
  PASS  [A/M1 TP1] source end resolves to expected node — got tp_direct_sqli, want tp_direct_sqli
  PASS  [A/M2 TP1] sink end resolves to expected node — got tp_direct_sqli, want tp_direct_sqli
  PASS  [A/M1 TP2] source end resolves to expected node — got tp_multihop_shell, want tp_multihop_shell
  PASS  [A/M2 TP2] sink end resolves to expected node — got _exec_path, want _exec_path
  PASS  [A/M3 TP2] cross-function flow maps to two distinct nodes
  PASS  [A/M1 TP3] source end resolves to expected node — got tp_reflected_xss, want tp_reflected_xss
  PASS  [A/M2 TP3] sink end resolves to expected node — got tp_reflected_xss, want tp_reflected_xss
  PASS  [A/M4] taint-exposed set matches ground truth — extra=[] missing=[]
  PASS  [A/M5] no true-negative function is exposed — leaked=[]
  PASS  [A/M6] missing-file finding reported, not dropped — unresolved=['UR1', 'UR2']
  PASS  [A/M7] out-of-range line does not silently produce a wrong edge — correctly unresolved
  PASS  [A/M8 B1] a finding ON a def line belongs to that definition, even though the line is unindented — L11 -> function first_function; want function first_function
  PASS  [A/M8 B2] an indented line inside a body resolves to its enclosing function — L13 -> function first_function; want function first_function
  PASS  [A/M8 B3] module-level statement AFTER a function ends - must NOT be blamed on that function — L20 -> file boundaries.py; want the FILE node
  PASS  [A/M8 B4] the next function still resolves correctly after the module-level gap — L25 -> function second_function; want function second_function
  PASS  [A/M8 B5] module-level statement after the LAST function - no following def to bound it — L28 -> file boundaries.py; want the FILE node
  PASS  [A/M8 B6] a line beyond the file must not resolve to the last definition in it — L5028 -> none; want unresolved

=== Build B (crg) ===
  PASS  [B/build] corpus graph built
  PASS  [B/M1 TP1] source end resolves to expected node — got tp_direct_sqli, want tp_direct_sqli
  PASS  [B/M2 TP1] sink end resolves to expected node — got tp_direct_sqli, want tp_direct_sqli
  PASS  [B/M1 TP2] source end resolves to expected node — got tp_multihop_shell, want tp_multihop_shell
  PASS  [B/M2 TP2] sink end resolves to expected node — got _exec_path, want _exec_path
  PASS  [B/M3 TP2] cross-function flow maps to two distinct nodes
  PASS  [B/M1 TP3] source end resolves to expected node — got tp_reflected_xss, want tp_reflected_xss
  PASS  [B/M2 TP3] sink end resolves to expected node — got tp_reflected_xss, want tp_reflected_xss
  PASS  [B/M4] taint-exposed set matches ground truth — extra=[] missing=[]
  PASS  [B/M5] no true-negative function is exposed — leaked=[]
  PASS  [B/M6] missing-file finding reported, not dropped — unresolved=['UR1', 'UR2']
  PASS  [B/M7] out-of-range line does not silently produce a wrong edge — correctly unresolved
  PASS  [B/M8 B1] a finding ON a def line belongs to that definition, even though the line is unindented — L11 -> function first_function; want function first_function
  PASS  [B/M8 B2] an indented line inside a body resolves to its enclosing function — L13 -> function first_function; want function first_function
  PASS  [B/M8 B3] module-level statement AFTER a function ends - must NOT be blamed on that function — L20 -> file boundaries.py; want the FILE node
  PASS  [B/M8 B4] the next function still resolves correctly after the module-level gap — L25 -> function second_function; want function second_function
  PASS  [B/M8 B5] module-level statement after the LAST function - no following def to bound it — L28 -> file boundaries.py; want the FILE node
  PASS  [B/M8 B6] a line beyond the file must not resolve to the last definition in it — L5028 -> none; want unresolved

== summary ==
  PASS  [A/build] corpus graph built
  PASS  [A/M1 TP1] source end resolves to expected node — got tp_direct_sqli, want tp_direct_sqli
  PASS  [A/M2 TP1] sink end resolves to expected node — got tp_direct_sqli, want tp_direct_sqli
  PASS  [A/M1 TP2] source end resolves to expected node — got tp_multihop_shell, want tp_multihop_shell
  PASS  [A/M2 TP2] sink end resolves to expected node — got _exec_path, want _exec_path
  PASS  [A/M3 TP2] cross-function flow maps to two distinct nodes
  PASS  [A/M1 TP3] source end resolves to expected node — got tp_reflected_xss, want tp_reflected_xss
  PASS  [A/M2 TP3] sink end resolves to expected node — got tp_reflected_xss, want tp_reflected_xss
  PASS  [A/M4] taint-exposed set matches ground truth — extra=[] missing=[]
  PASS  [A/M5] no true-negative function is exposed — leaked=[]
  PASS  [A/M6] missing-file finding reported, not dropped — unresolved=['UR1', 'UR2']
  PASS  [A/M7] out-of-range line does not silently produce a wrong edge — correctly unresolved
  PASS  [A/M8 B1] a finding ON a def line belongs to that definition, even though the line is unindented — L11 -> function first_function; want function first_function
  PASS  [A/M8 B2] an indented line inside a body resolves to its enclosing function — L13 -> function first_function; want function first_function
  PASS  [A/M8 B3] module-level statement AFTER a function ends - must NOT be blamed on that function — L20 -> file boundaries.py; want the FILE node
  PASS  [A/M8 B4] the next function still resolves correctly after the module-level gap — L25 -> function second_function; want function second_function
  PASS  [A/M8 B5] module-level statement after the LAST function - no following def to bound it — L28 -> file boundaries.py; want the FILE node
  PASS  [A/M8 B6] a line beyond the file must not resolve to the last definition in it — L5028 -> none; want unresolved
  PASS  [B/build] corpus graph built
  PASS  [B/M1 TP1] source end resolves to expected node — got tp_direct_sqli, want tp_direct_sqli
  PASS  [B/M2 TP1] sink end resolves to expected node — got tp_direct_sqli, want tp_direct_sqli
  PASS  [B/M1 TP2] source end resolves to expected node — got tp_multihop_shell, want tp_multihop_shell
  PASS  [B/M2 TP2] sink end resolves to expected node — got _exec_path, want _exec_path
  PASS  [B/M3 TP2] cross-function flow maps to two distinct nodes
  PASS  [B/M1 TP3] source end resolves to expected node — got tp_reflected_xss, want tp_reflected_xss
  PASS  [B/M2 TP3] sink end resolves to expected node — got tp_reflected_xss, want tp_reflected_xss
  PASS  [B/M4] taint-exposed set matches ground truth — extra=[] missing=[]
  PASS  [B/M5] no true-negative function is exposed — leaked=[]
  PASS  [B/M6] missing-file finding reported, not dropped — unresolved=['UR1', 'UR2']
  PASS  [B/M7] out-of-range line does not silently produce a wrong edge — correctly unresolved
  PASS  [B/M8 B1] a finding ON a def line belongs to that definition, even though the line is unindented — L11 -> function first_function; want function first_function
  PASS  [B/M8 B2] an indented line inside a body resolves to its enclosing function — L13 -> function first_function; want function first_function
  PASS  [B/M8 B3] module-level statement AFTER a function ends - must NOT be blamed on that function — L20 -> file boundaries.py; want the FILE node
  PASS  [B/M8 B4] the next function still resolves correctly after the module-level gap — L25 -> function second_function; want function second_function
  PASS  [B/M8 B5] module-level statement after the LAST function - no following def to bound it — L28 -> file boundaries.py; want the FILE node
  PASS  [B/M8 B6] a line beyond the file must not resolve to the last definition in it — L5028 -> none; want unresolved

36/36 checks passed
corpus exit=0
