express/1e2951a8       graph-guided rep0 already done
express/2a0c35a1       graph-guided agent running ...
express/2a0c35a1       graph-guided resolved=False f2p=0/4 broken=0 turns=21 cost=$0.5779982 edits=['lib/response.js']
express/4d1ee23f       graph-guided agent running ...
express/4d1ee23f       graph-guided resolved=True f2p=2/2 broken=0 turns=14 cost=$0.2635412 edits=['lib/utils.js', 'package.json']
express/59e205a5       graph-guided rep0 already done
express/71540147       graph-guided rep0 already done
express/723b5451       graph-guided agent running ...
express/723b5451       graph-guided resolved=False f2p=3/4 broken=0 turns=27 cost=$0.4824494 edits=['lib/response.js']
express/76eaa326       graph-guided rep0 already done
express/7f26cfca       graph-guided agent running ...
express/7f26cfca       graph-guided resolved=True f2p=2/2 broken=0 turns=18 cost=$0.47002299999999997 edits=['lib/router/route.js']
express/a01326ad       graph-guided agent running ...
express/a01326ad       graph-guided resolved=True f2p=1/1 broken=0 turns=4 cost=$0.12425720000000001 edits=['lib/router/index.js']
express/bad55f79       graph-guided agent running ...
express/bad55f79       graph-guided resolved=False f2p=0/1 broken=0 turns=13 cost=$0.2431624 edits=['lib/response.js']
express/cec0c06a       graph-guided agent running ...
express/cec0c06a       graph-guided resolved=False f2p=0/3 broken=0 turns=33 cost=$0.6896760000000001 edits=['lib/request.js', 'lib/utils.js']
express/f41d09a3       graph-guided agent running ...
express/f41d09a3       graph-guided resolved=False f2p=10/12 broken=66 turns=38 cost=$1.3983256 edits=['lib/application.js', 'lib/router/index.js', 'lib/router/route.js']
express/f8b954bc       graph-guided agent running ...
express/f8b954bc       graph-guided resolved=True f2p=2/2 broken=0 turns=12 cost=$0.23966040000000002 edits=['lib/router/index.js']
flask/1e5dd430         graph-guided agent running ...
flask/1e5dd430         graph-guided resolved=False f2p=0/1 broken=0 turns=8 cost=$0.24338019999999996 edits=['src/flask/scaffold.py']
flask/39f93632         graph-guided agent running ...
