express/1e2951a8       graph    agent running ...
express/1e2951a8       graph    resolved=False f2p=0/2 broken=0 turns=10 cost=$0.220231 edits=['lib/router/index.js']
express/2a0c35a1       graph    agent running ...
express/2a0c35a1       graph    resolved=False f2p=0/4 broken=0 turns=12 cost=$0.2271472 edits=['lib/response.js']
express/4d1ee23f       graph    agent running ...
express/4d1ee23f       graph    resolved=True f2p=2/2 broken=0 turns=28 cost=$0.6106495999999999 edits=['lib/utils.js', 'package.json']
express/59e205a5       graph        rep0 already done
express/71540147       graph    agent running ...
express/71540147       graph    resolved=True f2p=2/2 broken=0 turns=13 cost=$0.22015160000000003 edits=['lib/response.js']
express/723b5451       graph    agent running ...
express/723b5451       graph    resolved=False f2p=2/4 broken=0 turns=13 cost=$0.2831406000000001 edits=['lib/response.js']
express/76eaa326       graph    agent running ...
express/76eaa326       graph    resolved=True f2p=4/4 broken=0 turns=16 cost=$0.2320804 edits=['lib/response.js', 'package.json']
express/7f26cfca       graph    agent running ...
express/7f26cfca       graph    resolved=False f2p=0/2 broken=0 turns=31 cost=$0.8143175999999998 edits=[]
express/a01326ad       graph    agent running ...
express/a01326ad       graph    resolved=True f2p=1/1 broken=0 turns=3 cost=$0.0933086 edits=['lib/router/index.js']
express/bad55f79       graph    agent running ...
express/bad55f79       graph    resolved=False f2p=0/1 broken=0 turns=14 cost=$0.38151260000000004 edits=['lib/response.js']
express/cec0c06a       graph    agent running ...
express/cec0c06a       graph    resolved=False f2p=0/3 broken=0 turns=20 cost=$0.4446034000000001 edits=['lib/request.js']
express/f41d09a3       graph    agent running ...
express/f41d09a3       graph    resolved=False f2p=10/12 broken=3 turns=44 cost=$1.5310572000000002 edits=['examples/error/index.js', 'lib/application.js', 'lib/express.js', 'lib/router/index.js', 'lib/router/route.js']
express/f8b954bc       graph    agent running ...
express/f8b954bc       graph    resolved=True f2p=2/2 broken=0 turns=22 cost=$0.24124759999999995 edits=['lib/application.js', 'lib/router/index.js']
flask/1e5dd430         graph    agent running ...
flask/1e5dd430         graph    resolved=False f2p=0/1 broken=0 turns=13 cost=$0.2637284 edits=['src/flask/scaffold.py']
flask/39f93632         graph    agent running ...
flask/39f93632         graph    resolved=True f2p=1/1 broken=0 turns=31 cost=$0.7407560000000001 edits=['src/flask/app.py', 'src/flask/helpers.py']
flask/4eb5e945         graph    agent running ...
flask/4eb5e945         graph    resolved=True f2p=1/1 broken=0 turns=7 cost=$0.18690020000000002 edits=['src/flask/config.py']
flask/892ae955         graph    agent running ...
flask/892ae955         graph    resolved=True f2p=1/1 broken=0 turns=4 cost=$0.1262314 edits=['src/flask/json/__init__.py']
flask/96c97dec         graph        rep0 already done
flask/9822a035         graph        rep0 already done
flask/daf1510a         graph        rep0 already done
requests/99b3b492      graph        rep0 already done
requests/bd100472      graph    agent running ...
requests/bd100472      graph    resolved=False f2p=6/7 broken=0 turns=7 cost=$0.2438616 edits=['requests/models.py']
requests/db575eee      graph        rep0 already done
