express/1e2951a8       graph-guided agent running ...
express/1e2951a8       graph-guided resolved=False f2p=0/2 broken=0 turns=16 cost=$0.2964382 edits=['lib/router/index.js']
express/2a0c35a1       graph-guided agent running ...
express/2a0c35a1       graph-guided resolved=False f2p=0/4 broken=0 turns=9 cost=$0.2426186 edits=['lib/response.js']
express/4d1ee23f       graph-guided agent running ...
express/4d1ee23f       graph-guided resolved=True f2p=2/2 broken=0 turns=21 cost=$0.37653980000000004 edits=['lib/utils.js', 'package.json']
express/59e205a5       graph-guided agent running ...
express/59e205a5       graph-guided resolved=True f2p=19/19 broken=0 turns=50 cost=$0.8984208 edits=['History.md', 'lib/response.js', 'package.json']
express/71540147       graph-guided agent running ...
express/71540147       graph-guided resolved=True f2p=2/2 broken=0 turns=13 cost=$0.22859460000000004 edits=['lib/response.js']
express/723b5451       graph-guided agent running ...
express/723b5451       graph-guided resolved=False f2p=2/4 broken=0 turns=21 cost=$0.4245346 edits=['lib/response.js']
express/76eaa326       graph-guided agent running ...
express/76eaa326       graph-guided resolved=True f2p=4/4 broken=0 turns=16 cost=$0.229714 edits=['lib/response.js', 'package.json']
express/7f26cfca       graph-guided agent running ...
express/7f26cfca       graph-guided resolved=False f2p=1/2 broken=0 turns=14 cost=$0.24016419999999997 edits=['lib/router/route.js']
express/a01326ad       graph-guided agent running ...
express/a01326ad       graph-guided resolved=True f2p=1/1 broken=0 turns=3 cost=$0.0978148 edits=['lib/router/index.js']
express/bad55f79       graph-guided agent running ...
express/bad55f79       graph-guided resolved=False f2p=0/1 broken=0 turns=23 cost=$0.4842287999999999 edits=['lib/response.js']
express/cec0c06a       graph-guided agent running ...
express/cec0c06a       graph-guided resolved=False f2p=0/3 broken=0 turns=24 cost=$0.5035044 edits=['lib/request.js']
express/f41d09a3       graph-guided agent running ...
express/f41d09a3       graph-guided resolved=False f2p=10/12 broken=0 turns=55 cost=$1.5384939999999998 edits=['examples/error-pages/index.js', 'examples/error/index.js', 'examples/jade/index.js', 'examples/static-files/index.js', 'examples/web-service/index.js', 'lib/application.js', 'lib/express.js', 'lib/router/index.js', 'lib/router/route.js']
express/f8b954bc       graph-guided agent running ...
express/f8b954bc       graph-guided resolved=True f2p=2/2 broken=0 turns=19 cost=$0.24702919999999998 edits=['lib/router/index.js']
flask/1e5dd430         graph-guided agent running ...
flask/1e5dd430         graph-guided resolved=False f2p=0/1 broken=0 turns=5 cost=$0.0964298 edits=['src/flask/scaffold.py']
flask/39f93632         graph-guided agent running ...
flask/39f93632         graph-guided resolved=False f2p=0/1 broken=0 turns=31 cost=$0.7699862000000002 edits=[]
flask/4eb5e945         graph-guided agent running ...
