express/1e2951a8       nograph  agent running ...
express/1e2951a8       nograph  resolved=False f2p=0/2 broken=0 turns=19 cost=$0.261444 edits=['lib/router/index.js']
express/2a0c35a1       nograph  agent running ...
express/2a0c35a1       nograph  resolved=False f2p=0/4 broken=0 turns=14 cost=$0.240918 edits=['lib/response.js']
express/4d1ee23f       nograph  agent running ...
express/4d1ee23f       nograph  resolved=True f2p=2/2 broken=0 turns=24 cost=$0.2765924 edits=['lib/utils.js', 'package.json']
express/59e205a5       nograph      rep0 already done
express/71540147       nograph  agent running ...
express/71540147       nograph  resolved=True f2p=2/2 broken=0 turns=12 cost=$0.21749159999999998 edits=['lib/response.js']
express/723b5451       nograph  agent running ...
express/723b5451       nograph  resolved=False f2p=2/4 broken=0 turns=16 cost=$0.22470280000000004 edits=['lib/response.js']
express/76eaa326       nograph  agent running ...
express/76eaa326       nograph  resolved=True f2p=4/4 broken=0 turns=14 cost=$0.1796194 edits=['lib/response.js', 'package.json']
express/7f26cfca       nograph  agent running ...
express/7f26cfca       nograph  resolved=False f2p=1/2 broken=0 turns=16 cost=$0.2456518 edits=['lib/router/route.js']
express/a01326ad       nograph  agent running ...
express/a01326ad       nograph  resolved=True f2p=1/1 broken=0 turns=4 cost=$0.0822878 edits=['lib/router/index.js']
express/bad55f79       nograph  agent running ...
express/bad55f79       nograph  resolved=False f2p=0/1 broken=0 turns=31 cost=$0.44116760000000005 edits=['lib/response.js']
express/cec0c06a       nograph  agent running ...
express/cec0c06a       nograph  resolved=False f2p=0/3 broken=0 turns=30 cost=$0.8224612000000001 edits=['lib/request.js']
express/f41d09a3       nograph  agent running ...
express/f41d09a3       nograph  resolved=False f2p=8/12 broken=66 turns=18 cost=$1.0868104 edits=['lib/application.js', 'lib/express.js', 'lib/router/index.js', 'lib/router/route.js']
express/f8b954bc       nograph  agent running ...
express/f8b954bc       nograph  resolved=True f2p=2/2 broken=0 turns=13 cost=$0.18731019999999998 edits=['lib/router/index.js']
flask/1e5dd430         nograph  agent running ...
flask/1e5dd430         nograph  resolved=False f2p=0/1 broken=0 turns=18 cost=$0.3094424 edits=['src/flask/scaffold.py']
flask/39f93632         nograph  agent running ...
flask/39f93632         nograph  resolved=False f2p=0/1 broken=0 turns=31 cost=$0.6527386 edits=['src/flask/app.py', 'src/flask/helpers.py']
flask/4eb5e945         nograph  agent running ...
flask/4eb5e945         nograph  resolved=True f2p=1/1 broken=0 turns=5 cost=$0.10526760000000002 edits=['src/flask/config.py']
flask/892ae955         nograph  agent running ...
flask/892ae955         nograph  resolved=True f2p=1/1 broken=0 turns=7 cost=$0.0717324 edits=['src/flask/json/__init__.py']
flask/96c97dec         nograph      rep0 already done
flask/9822a035         nograph      rep0 already done
flask/daf1510a         nograph      rep0 already done
requests/99b3b492      nograph      rep0 already done
requests/bd100472      nograph  agent running ...
requests/bd100472      nograph  resolved=False f2p=6/7 broken=0 turns=19 cost=$0.5914184 edits=['requests/models.py']
requests/db575eee      nograph      rep0 already done
