express/1e2951a8       graph        rep1 already done
express/2a0c35a1       graph        rep1 already done
express/4d1ee23f       graph        rep1 already done
express/59e205a5       graph        rep1 already done
express/71540147       graph        rep1 already done
express/723b5451       graph        rep1 already done
express/76eaa326       graph        rep1 already done
express/7f26cfca       graph        rep1 already done
express/a01326ad       graph        rep1 already done
express/bad55f79       graph        rep1 already done
express/cec0c06a       graph        rep1 already done
express/f41d09a3       graph        rep1 already done
express/f8b954bc       graph        rep1 already done
flask/1e5dd430         graph        rep1 already done
flask/39f93632         graph        rep1 already done
flask/4eb5e945         graph        rep1 already done
flask/892ae955         graph        rep1 already done
flask/96c97dec         graph        rep1 already done
flask/9822a035         graph    agent running ...
flask/9822a035         graph    resolved=False f2p=0/1 broken=0 turns=25 cost=$0.6381765999999999 edits=['CHANGES.rst', 'src/flask/helpers.py']
flask/daf1510a         graph    agent running ...
flask/daf1510a         graph    resolved=False f2p=1/6 broken=0 turns=17 cost=$0.45776539999999993 edits=['src/flask/sansio/app.py']
requests/99b3b492      graph    agent running ...
requests/99b3b492      graph    resolved=True f2p=1/1 broken=0 turns=11 cost=$0.4575417999999999 edits=['requests/sessions.py']
requests/bd100472      graph    agent running ...
requests/bd100472      graph    resolved=False f2p=6/7 broken=0 turns=9 cost=$0.3170492 edits=['requests/models.py']
requests/db575eee      graph    agent running ...
requests/db575eee      graph    resolved=True f2p=1/1 broken=0 turns=20 cost=$0.40537759999999995 edits=['requests/compat.py', 'requests/exceptions.py', 'requests/models.py']
