express/f8b954bc       graph-guided agent running ...
express/f8b954bc       graph-guided resolved=True f2p=2/2 broken=0 turns=8 cost=$0.1427754 edits=['lib/router/index.js']
flask/1e5dd430         graph-guided agent running ...
flask/1e5dd430         graph-guided resolved=False f2p=0/1 broken=0 turns=9 cost=$0.3615092 edits=['src/flask/scaffold.py']
flask/39f93632         graph-guided agent running ...
flask/39f93632         graph-guided resolved=True f2p=1/1 broken=0 turns=31 cost=$0.7148926000000001 edits=['src/flask/app.py', 'src/flask/helpers.py']
flask/4eb5e945         graph-guided agent running ...
flask/4eb5e945         graph-guided resolved=True f2p=1/1 broken=0 turns=13 cost=$0.2766386 edits=['src/flask/config.py']
flask/892ae955         graph-guided agent running ...
flask/892ae955         graph-guided resolved=True f2p=1/1 broken=0 turns=4 cost=$0.12962479999999998 edits=['src/flask/json/__init__.py']
flask/96c97dec         graph-guided agent running ...
flask/96c97dec         graph-guided resolved=True f2p=4/4 broken=0 turns=21 cost=$0.3018174 edits=['CHANGES.rst', 'src/flask/app.py', 'src/flask/blueprints.py']
flask/9822a035         graph-guided agent running ...
flask/9822a035         graph-guided resolved=False f2p=0/1 broken=0 turns=30 cost=$0.6805056 edits=['CHANGES.rst', 'src/flask/helpers.py']
flask/daf1510a         graph-guided agent running ...
flask/daf1510a         graph-guided resolved=True f2p=6/6 broken=0 turns=31 cost=$0.6831269999999998 edits=['CHANGES.rst', 'src/flask/sansio/app.py', 'src/flask/sansio/blueprints.py']
requests/99b3b492      graph-guided agent running ...
requests/99b3b492      graph-guided resolved=True f2p=1/1 broken=0 turns=27 cost=$0.46909800000000007 edits=['requests/sessions.py', 'requests/utils.py']
requests/bd100472      graph-guided agent running ...
requests/bd100472      graph-guided resolved=False f2p=6/7 broken=0 turns=16 cost=$0.4831246 edits=['requests/models.py']
requests/db575eee      graph-guided agent running ...
requests/db575eee      graph-guided resolved=True f2p=1/1 broken=0 turns=18 cost=$0.40436760000000005 edits=['requests/__init__.py', 'requests/compat.py', 'requests/exceptions.py', 'requests/models.py']
