express/1e2951a8       graph    agent running ...
express/1e2951a8       graph    resolved=False f2p=0/2 broken=0 turns=18 cost=$0.32479179999999996 edits=['lib/router/index.js']
express/2a0c35a1       graph    agent running ...
express/2a0c35a1       graph    resolved=False f2p=0/4 broken=0 turns=15 cost=$0.32612140000000006 edits=['lib/response.js']
express/4d1ee23f       graph    agent running ...
express/4d1ee23f       graph    resolved=True f2p=2/2 broken=0 turns=19 cost=$0.33587839999999997 edits=['lib/utils.js', 'package.json']
express/59e205a5       graph    agent running ...
express/59e205a5       graph    resolved=True f2p=19/19 broken=0 turns=50 cost=$1.044563 edits=['History.md', 'lib/response.js', 'package.json']
express/71540147       graph    agent running ...
express/71540147       graph    resolved=True f2p=2/2 broken=0 turns=15 cost=$0.2479914 edits=['lib/response.js']
express/723b5451       graph    agent running ...
express/723b5451       graph    resolved=False f2p=2/4 broken=0 turns=16 cost=$0.32589959999999996 edits=['lib/response.js']
express/76eaa326       graph    agent running ...
express/76eaa326       graph    resolved=True f2p=4/4 broken=0 turns=17 cost=$0.2783582 edits=['lib/response.js', 'package.json']
express/7f26cfca       graph    agent running ...
express/7f26cfca       graph    resolved=False f2p=1/2 broken=0 turns=11 cost=$0.2335832 edits=['lib/router/route.js']
express/a01326ad       graph    agent running ...
express/a01326ad       graph    resolved=True f2p=1/1 broken=0 turns=3 cost=$0.1022756 edits=['lib/router/index.js']
express/bad55f79       graph    agent running ...
express/bad55f79       graph    resolved=False f2p=0/1 broken=0 turns=13 cost=$0.17714780000000005 edits=['lib/response.js']
express/cec0c06a       graph    agent running ...
express/cec0c06a       graph    resolved=False f2p=0/3 broken=0 turns=28 cost=$0.5998542 edits=['lib/request.js']
express/f41d09a3       graph    agent running ...
express/f41d09a3       graph    resolved=False f2p=11/12 broken=2 turns=47 cost=$1.512467 edits=['lib/application.js', 'lib/express.js', 'lib/router/index.js', 'lib/router/route.js']
express/f8b954bc       graph    agent running ...
express/f8b954bc       graph    resolved=True f2p=2/2 broken=0 turns=20 cost=$0.28385140000000003 edits=['lib/router/index.js']
flask/1e5dd430         graph    agent running ...
flask/1e5dd430         graph    resolved=False f2p=0/1 broken=0 turns=11 cost=$0.2850188 edits=['src/flask/scaffold.py']
flask/39f93632         graph    agent running ...
flask/39f93632         graph    resolved=True f2p=1/1 broken=0 turns=31 cost=$0.8075583999999999 edits=['src/flask/app.py', 'src/flask/helpers.py']
flask/4eb5e945         graph    agent running ...
flask/4eb5e945         graph    resolved=False f2p=1/1 broken=1 turns=5 cost=$0.1547872 edits=['src/flask/config.py']
flask/892ae955         graph    agent running ...
flask/892ae955         graph    resolved=True f2p=1/1 broken=0 turns=4 cost=$0.1256478 edits=['src/flask/json/__init__.py']
flask/96c97dec         graph    agent running ...
flask/96c97dec         graph    resolved=False f2p=3/4 broken=0 turns=16 cost=$0.219545 edits=['CHANGES.rst', 'src/flask/app.py']
flask/9822a035         graph    agent running ...
