express/1e2951a8       nograph  agent running ...
express/1e2951a8       nograph  resolved=False f2p=0/2 broken=0 turns=22 cost=$0.3205859999999999 edits=['lib/router/index.js']
express/2a0c35a1       nograph  agent running ...
express/2a0c35a1       nograph  resolved=False f2p=0/4 broken=0 turns=7 cost=$0.1480856 edits=['lib/response.js']
express/4d1ee23f       nograph  agent running ...
express/4d1ee23f       nograph  resolved=True f2p=2/2 broken=0 turns=23 cost=$0.27806460000000005 edits=['History.md', 'lib/utils.js', 'package.json']
express/59e205a5       nograph  agent running ...
express/59e205a5       nograph  resolved=True f2p=19/19 broken=0 turns=36 cost=$0.4689876 edits=['History.md', 'lib/response.js', 'package.json']
express/71540147       nograph  agent running ...
express/71540147       nograph  resolved=True f2p=2/2 broken=0 turns=11 cost=$0.1409584 edits=['lib/response.js']
express/723b5451       nograph  agent running ...
express/723b5451       nograph  resolved=False f2p=2/4 broken=0 turns=17 cost=$0.2684756 edits=['lib/response.js']
express/76eaa326       nograph  agent running ...
express/76eaa326       nograph  resolved=True f2p=4/4 broken=0 turns=20 cost=$0.24671420000000002 edits=['lib/response.js', 'package.json']
express/7f26cfca       nograph  agent running ...
express/7f26cfca       nograph  resolved=True f2p=2/2 broken=0 turns=22 cost=$0.5451484 edits=['lib/router/route.js']
express/a01326ad       nograph  agent running ...
express/a01326ad       nograph  resolved=True f2p=1/1 broken=0 turns=4 cost=$0.0651318 edits=['lib/router/index.js']
express/bad55f79       nograph  agent running ...
express/bad55f79       nograph  resolved=True f2p=1/1 broken=0 turns=19 cost=$0.25666240000000007 edits=['lib/response.js']
express/cec0c06a       nograph  agent running ...
express/cec0c06a       nograph  resolved=False f2p=0/3 broken=0 turns=25 cost=$0.6652904000000001 edits=['lib/request.js']
express/f41d09a3       nograph  agent running ...
express/f41d09a3       nograph  resolved=False f2p=0/12 broken=0 turns=31 cost=$1.0479598000000003 edits=[]
express/f8b954bc       nograph  agent running ...
express/f8b954bc       nograph  resolved=True f2p=2/2 broken=0 turns=22 cost=$0.2708364 edits=['lib/application.js', 'lib/router/index.js']
flask/1e5dd430         nograph  agent running ...
flask/1e5dd430         nograph  resolved=False f2p=0/1 broken=0 turns=11 cost=$0.1595254 edits=['src/flask/scaffold.py']
flask/39f93632         nograph  agent running ...
flask/39f93632         nograph  resolved=True f2p=1/1 broken=0 turns=31 cost=$0.5469878 edits=['src/flask/app.py', 'src/flask/helpers.py']
flask/4eb5e945         nograph  agent running ...
flask/4eb5e945         nograph  resolved=True f2p=1/1 broken=0 turns=7 cost=$0.14660220000000002 edits=['src/flask/config.py']
flask/892ae955         nograph  agent running ...
flask/892ae955         nograph  resolved=True f2p=1/1 broken=0 turns=7 cost=$0.071901 edits=['src/flask/json/__init__.py']
flask/96c97dec         nograph  agent running ...
flask/96c97dec         nograph  resolved=True f2p=4/4 broken=0 turns=23 cost=$0.27290220000000004 edits=['CHANGES.rst', 'src/flask/app.py', 'src/flask/blueprints.py']
flask/9822a035         nograph  agent running ...
flask/9822a035         nograph  resolved=False f2p=0/1 broken=0 turns=22 cost=$0.500235 edits=['CHANGES.rst', 'src/flask/helpers.py']
flask/daf1510a         nograph  agent running ...
