express/59e205a5       OK: 19 fail-to-pass, 19 pass-to-pass, 0 excluded as environment failures

7 verifiable task(s) -> C:\projects\graphifyrebuild\bench\fixeval\tasks.json
express/723b5451       skip: harness error FileExistsError: [WinError 183] Cannot create a file when that file already exists: 'C:\\projects\\graphifyrebuild\\bench\\fixeval\\work\\select\\express-723b5451'
Traceback (most recent call last):
  File "C:\projects\graphifyrebuild\bench\fixeval\run.py", line 335, in select
    _select_one(t, key, args, rows)
    ~~~~~~~~~~~^^^^^^^^^^^^^^^^^^^^
  File "C:\projects\graphifyrebuild\bench\fixeval\run.py", line 361, in _select_one
    tree = fresh_tree(t, WORK / "select" / key.replace("/", "-"))
  File "C:\projects\graphifyrebuild\bench\fixeval\run.py", line 290, in fresh_tree
    shutil.copytree(wt, dest, ignore=shutil.ignore_patterns(
    ~~~~~~~~~~~~~~~^^^^^^^^^^^^^^^^^^^^^^^^^^^^^^^^^^^^^^^^^
        ".git", "graphify-out", "node_modules", "__pycache__", ".pytest_cache", "*.egg-info"))
        ^^^^^^^^^^^^^^^^^^^^^^^^^^^^^^^^^^^^^^^^^^^^^^^^^^^^^^^^^^^^^^^^^^^^^^^^^^^^^^^^^^^^^^
  File "C:\Python314\Lib\shutil.py", line 654, in copytree
    return _copytree(entries=entries, src=src, dst=dst, symlinks=symlinks,
                     ignore=ignore, copy_function=copy_function,
                     ignore_dangling_symlinks=ignore_dangling_symlinks,
                     dirs_exist_ok=dirs_exist_ok)
  File "C:\Python314\Lib\shutil.py", line 552, in _copytree
    os.makedirs(dst, exist_ok=dirs_exist_ok)
    ~~~~~~~~~~~^^^^^^^^^^^^^^^^^^^^^^^^^^^^^
  File "<frozen os>", line 236, in makedirs
FileExistsError: [WinError 183] Cannot create a file when that file already exists: 'C:\\projects\\graphifyrebuild\\bench\\fixeval\\work\\select\\express-723b5451'
express/71540147       OK: 2 fail-to-pass, 39 pass-to-pass, 0 excluded as environment failures

8 verifiable task(s) -> C:\projects\graphifyrebuild\bench\fixeval\tasks.json
express/081b811b       skip: fix changed no test file
express/76eaa326       OK: 4 fail-to-pass, 12 pass-to-pass, 0 excluded as environment failures

9 verifiable task(s) -> C:\projects\graphifyrebuild\bench\fixeval\tasks.json
express/1e2951a8       OK: 2 fail-to-pass, 42 pass-to-pass, 0 excluded as environment failures

10 verifiable task(s) -> C:\projects\graphifyrebuild\bench\fixeval\tasks.json
express/a8a85644       skip: fix changed no test file
express/f7e94a30       skip: fix changed no test file
express/0e5f2f84       skip: fix changed no test file
express/4d1ee23f       skip: harness error FileExistsError: [WinError 183] Cannot create a file when that file already exists: 'C:\\projects\\graphifyrebuild\\bench\\fixeval\\work\\select\\express-4d1ee23f'
Traceback (most recent call last):
  File "C:\projects\graphifyrebuild\bench\fixeval\run.py", line 335, in select
    _select_one(t, key, args, rows)
    ~~~~~~~~~~~^^^^^^^^^^^^^^^^^^^^
  File "C:\projects\graphifyrebuild\bench\fixeval\run.py", line 361, in _select_one
    tree = fresh_tree(t, WORK / "select" / key.replace("/", "-"))
  File "C:\projects\graphifyrebuild\bench\fixeval\run.py", line 290, in fresh_tree
    shutil.copytree(wt, dest, ignore=shutil.ignore_patterns(
    ~~~~~~~~~~~~~~~^^^^^^^^^^^^^^^^^^^^^^^^^^^^^^^^^^^^^^^^^
        ".git", "graphify-out", "node_modules", "__pycache__", ".pytest_cache", "*.egg-info"))
        ^^^^^^^^^^^^^^^^^^^^^^^^^^^^^^^^^^^^^^^^^^^^^^^^^^^^^^^^^^^^^^^^^^^^^^^^^^^^^^^^^^^^^^
  File "C:\Python314\Lib\shutil.py", line 654, in copytree
    return _copytree(entries=entries, src=src, dst=dst, symlinks=symlinks,
                     ignore=ignore, copy_function=copy_function,
                     ignore_dangling_symlinks=ignore_dangling_symlinks,
                     dirs_exist_ok=dirs_exist_ok)
  File "C:\Python314\Lib\shutil.py", line 552, in _copytree
    os.makedirs(dst, exist_ok=dirs_exist_ok)
    ~~~~~~~~~~~^^^^^^^^^^^^^^^^^^^^^^^^^^^^^
  File "<frozen os>", line 236, in makedirs
FileExistsError: [WinError 183] Cannot create a file when that file already exists: 'C:\\projects\\graphifyrebuild\\bench\\fixeval\\work\\select\\express-4d1ee23f'
express/2a0c35a1       skip: suite did not run -- 'npm notice run express@4.8.8 npx\nnpm notice run mocha --reporter json --exit --timeout 20000 test/res.sendFile.js'
express/17cea290       skip: suite did not run -- 'npm notice run express@4.7.4 npx\nnpm notice run mocha --reporter json --exit --timeout 20000 test/app.use.js'
express/a01326ad       skip: suite did not run -- 'npm notice run express@4.5.1 npx\nnpm notice run mocha --reporter json --exit --timeout 20000 test/app.param.js'
express/7f26cfca       skip: suite did not run -- 'npm notice run express@4.4.4 npx\nnpm notice run mocha --reporter json --exit --timeout 20000 test/Route.js'
express/9c731f18       skip: suite did not run -- 'npm notice run express@3.10.5 npx\nnpm notice run mocha --reporter json --exit --timeout 20000 test/support/env.js test/utils.js'
express/f433b7c7       skip: suite did not run -- 'npm notice run express@3.9.0 npx\nnpm notice run mocha --reporter json --exit --timeout 20000 test/utils.js'
express/4ac7474e       skip: fix changed no test file
