express/59e205a5       OK: 19 fail-to-pass, 19 pass-to-pass, 0 excluded as environment failures

11 verifiable task(s) -> C:\projects\graphifyrebuild\bench\fixeval\tasks.json
express/723b5451       OK: 4 fail-to-pass, 15 pass-to-pass, 0 excluded as environment failures

12 verifiable task(s) -> C:\projects\graphifyrebuild\bench\fixeval\tasks.json
express/71540147       OK: 2 fail-to-pass, 39 pass-to-pass, 0 excluded as environment failures

13 verifiable task(s) -> C:\projects\graphifyrebuild\bench\fixeval\tasks.json
express/081b811b       skip: fix changed no test file
express/76eaa326       OK: 4 fail-to-pass, 12 pass-to-pass, 0 excluded as environment failures

14 verifiable task(s) -> C:\projects\graphifyrebuild\bench\fixeval\tasks.json
express/1e2951a8       OK: 2 fail-to-pass, 36 pass-to-pass, 6 excluded as environment failures

15 verifiable task(s) -> C:\projects\graphifyrebuild\bench\fixeval\tasks.json
express/a8a85644       skip: fix changed no test file
express/f7e94a30       skip: fix changed no test file
express/0e5f2f84       skip: fix changed no test file
express/4d1ee23f       OK: 2 fail-to-pass, 16 pass-to-pass, 53 excluded as environment failures

16 verifiable task(s) -> C:\projects\graphifyrebuild\bench\fixeval\tasks.json
express/2a0c35a1       OK: 4 fail-to-pass, 34 pass-to-pass, 3 excluded as environment failures

17 verifiable task(s) -> C:\projects\graphifyrebuild\bench\fixeval\tasks.json
express/17cea290       skip: no test goes fail->pass with the real fix (7 pass, 8 fail in both, 0 pending)
express/a01326ad       OK: 1 fail-to-pass, 3 pass-to-pass, 9 excluded as environment failures

18 verifiable task(s) -> C:\projects\graphifyrebuild\bench\fixeval\tasks.json
express/7f26cfca       OK: 2 fail-to-pass, 9 pass-to-pass, 0 excluded as environment failures

19 verifiable task(s) -> C:\projects\graphifyrebuild\bench\fixeval\tasks.json
express/9c731f18       skip: no test goes fail->pass with the real fix (8 pass, 29 fail in both, 0 pending)
express/f433b7c7       skip: no test goes fail->pass with the real fix (8 pass, 31 fail in both, 0 pending)
express/4ac7474e       skip: fix changed no test file
express/bad55f79       OK: 1 fail-to-pass, 15 pass-to-pass, 59 excluded as environment failures

20 verifiable task(s) -> C:\projects\graphifyrebuild\bench\fixeval\tasks.json
express/f8b954bc       OK: 2 fail-to-pass, 12 pass-to-pass, 1 excluded as environment failures

21 verifiable task(s) -> C:\projects\graphifyrebuild\bench\fixeval\tasks.json
express/d42d8f5b       skip: no test goes fail->pass with the real fix (0 pass, 9 fail in both, 0 pending)
express/f41d09a3       OK: 12 fail-to-pass, 69 pass-to-pass, 18 excluded as environment failures

22 verifiable task(s) -> C:\projects\graphifyrebuild\bench\fixeval\tasks.json
express/cec0c06a       OK: 3 fail-to-pass, 11 pass-to-pass, 13 excluded as environment failures

23 verifiable task(s) -> C:\projects\graphifyrebuild\bench\fixeval\tasks.json
express/e218377a       skip: no test goes fail->pass with the real fix (0 pass, 15 fail in both, 0 pending)
express/6bebe083       skip: fix changed no test file
express/80503087       skip: fix changed no test file
express/accd6180       skip: fix changed no test file
express/4f7c4d10       skip: no test goes fail->pass with the real fix (0 pass, 2 fail in both, 0 pending)
express/f1102484       skip: no test goes fail->pass with the real fix (0 pass, 3 fail in both, 0 pending)
express/82b5b12c       skip: no test goes fail->pass with the real fix (0 pass, 13 fail in both, 0 pending)
express/1311f2ac       skip: no test goes fail->pass with the real fix (0 pass, 14 fail in both, 0 pending)
express/dd33ef2e       skip: no test goes fail->pass with the real fix (0 pass, 3 fail in both, 0 pending)
express/ffcaa04d       skip: suite did not run -- 'npm install failed'
express/85d69648       skip: suite did not run -- 'npm install failed'
express/76fd462b       skip: suite did not run -- 'npm install failed'
express/27e696b7       skip: suite did not run -- 'npm install failed'
express/edfe50e7       skip: suite did not run -- 'npm install failed'
express/144a88b1       skip: fix changed no test file
express/8df73f3d       skip: fix changed no test file
express/6dac874f       skip: suite did not run -- 'npm install failed'
express/43295289       skip: suite did not run -- 'npm install failed'
express/28f32b9b       skip: fix changed no test file
express/7a7d77e7       skip: fix changed no test file
express/b9dee730       skip: suite did not run -- 'npm install failed'
express/0f2f3d4e       skip: suite did not run -- 'npm install failed'
express/c2d5d561       skip: fix changed no test file
express/a9396efe       skip: fix changed no test file
express/75054e17       skip: suite did not run -- ''
express/ca754925       skip: suite did not run -- ''
express/c35cd7fc       skip: suite did not run -- ''
express/b1d4b716       skip: fix changed no test file
express/a4621a64       skip: fix changed no test file
express/1dc87761       skip: fix changed no test file
express/cd88b925       skip: suite did not run -- ''
express/9a8b8687       skip: suite did not run -- ''
express/7237a3c3       skip: suite did not run -- ''
express/08159211       skip: suite did not run -- ''
express/456a9856       skip: suite did not run -- ''
express/d6ef90d9       skip: fix changed no test file
express/80e9ffbf       skip: suite did not run -- ''
express/b6aca36a       skip: fix changed no test file
express/759a57bd       skip: fix changed no test file
express/f6e9fb13       skip: fix changed no test file
express/d7488bbb       skip: suite did not run -- "\\node_modules\\mocha\\lib\\cli\\run.js:375:5) {\n  code: 'MODULE_NOT_FOUND',\n  requireStack: [\n    'C:\\\\projects\\\\graphifyrebuild\\\\bench\\\\fixeval\\\\work\\\\select\\\\express-d7488bbb\\\\test\\\\view.test.js'\n  ]\n}"
express/aaa84151       skip: suite did not run -- 'val\\venvs\\node-mocha\\node_modules\\mocha\\lib\\cli\\run-helpers.js:162:3)\n    at async exports.handler (C:\\projects\\graphifyrebuild\\bench\\fixeval\\venvs\\node-mocha\\node_modules\\mocha\\lib\\cli\\run.js:375:5)'
express/42d2758c       skip: fix changed no test file
express/1c2e9a47       skip: fix changed no test file
express/969f4229       skip: suite did not run -- 'val\\venvs\\node-mocha\\node_modules\\mocha\\lib\\cli\\run-helpers.js:162:3)\n    at async exports.handler (C:\\projects\\graphifyrebuild\\bench\\fixeval\\venvs\\node-mocha\\node_modules\\mocha\\lib\\cli\\run.js:375:5)'
express/0cb4677e       skip: suite did not run -- 'val\\venvs\\node-mocha\\node_modules\\mocha\\lib\\cli\\run-helpers.js:162:3)\n    at async exports.handler (C:\\projects\\graphifyrebuild\\bench\\fixeval\\venvs\\node-mocha\\node_modules\\mocha\\lib\\cli\\run.js:375:5)'
express/fbe3af47       skip: suite did not run -- "node_modules\\mocha\\lib\\cli\\run.js:375:5) {\n  code: 'MODULE_NOT_FOUND',\n  requireStack: [\n    'C:\\\\projects\\\\graphifyrebuild\\\\bench\\\\fixeval\\\\work\\\\select\\\\express-fbe3af47\\\\test\\\\utils.test.js'\n  ]\n}"
express/ae5b0dbc       skip: fix changed no test file
express/69fe2030       skip: suite did not run -- 'npm install failed'
express/7b3eb23a       skip: suite did not run -- 'npm install failed'
express/cba985bf       skip: suite did not run -- 'npm install failed'
express/6b9eb8aa       skip: fix changed no test file
express/b75246e3       skip: suite did not run -- 'npm install failed'
express/8ece01cc       skip: fix changed no test file
express/395d14ab       skip: suite did not run -- 'npm install failed'
express/416e7617       skip: fix changed no test file
express/72d9f378       skip: fix changed no test file
express/d712fae2       skip: fix changed no test file
express/760d9e33       skip: fix changed no test file
express/6232c1a8       skip: fix changed no test file
express/b90a3dbf       skip: suite did not run -- 'npm install failed'
express/c93cfa08       skip: suite did not run -- 'npm install failed'
express/e9fdfc33       skip: suite did not run -- 'npm install failed'
express/7e3106dd       skip: fix changed no test file
express/2e3f806d       skip: suite did not run -- 'npm install failed'
express/e9943458       skip: fix changed no test file
express/a2cedbd9       skip: suite did not run -- 'npm install failed'
express/0a174ad2       skip: suite did not run -- 'npm install failed'
express/4297c10f       skip: fix changed no test file
express/7550decb       skip: fix changed no test file
express/33277c3d       skip: suite did not run -- 'npm install failed'
express/b4190ada       skip: suite did not run -- 'npm install failed'
express/e30b5b86       skip: fix changed no test file
express/212dc88b       skip: suite did not run -- 'npm install failed'
express/3bdc77ca       skip: fix changed no test file
express/3b9921a1       skip: suite did not run -- 'npm install failed'
express/50e0593d       skip: suite did not run -- 'npm install failed'
express/128ba904       skip: fix changed no test file
express/300cfe74       skip: suite did not run -- 'npm install failed'
express/e84c8163       skip: fix changed no test file
express/a2ec966a       skip: fix changed no test file
express/dcedca1a       skip: fix changed no test file
express/891ed088       skip: fix changed no test file
express/962f5fa4       skip: suite did not run -- 'npm install failed'
express/d6c84396       skip: fix changed no test file
express/0a225c13       skip: fix changed no test file
express/7bd8340a       skip: suite did not run -- 'npm install failed'
express/2a4f3525       skip: suite did not run -- 'npm install failed'
express/a52845e0       skip: fix changed no test file
express/dd07776f       skip: suite did not run -- 'npm install failed'
express/7ca59426       skip: suite did not run -- 'npm install failed'
express/e182388e       skip: fix changed no test file
express/d0dae12d       skip: fix changed no test file
express/8c204098       skip: suite did not run -- 'npm install failed'
express/f72b98dd       skip: suite did not run -- 'npm install failed'
express/a7c5a633       skip: suite did not run -- 'npm install failed'
express/a4159a74       skip: suite did not run -- 'npm install failed'
express/4eee8224       skip: suite did not run -- 'npm install failed'

23 verifiable task(s) -> C:\projects\graphifyrebuild\bench\fixeval\tasks.json
